
> my-v0-project@0.1.0 build
> next build

   Γû▓ Next.js 15.5.5
   - Environments: .env.local
   - Experiments (use with caution):
     ┬╖ serverActions
     ┬╖ clientTraceMetadata

   Creating an optimized production build ...
npm : [@sentry/nextjs] DEPRECATION WARNING: It is recommended renaming your `sentry.client.config.ts` file, or moving 
its content to `instrumentation-client.ts`. When using Turbopack `sentry.client.config.ts` will no longer work. Read 
more about the `instrumentation-client.ts` file: 
https://nextjs.org/docs/app/api-reference/file-conventions/instrumentation-client
At C:\Users\young\AppData\Local\Temp\ps-script-292964d0-90e1-44e7-bf4f-ece417ae57d3.ps1:93 char:49
+ ... op\Project Files\totl"; npm run build > build-output.txt 2>&1; Get-Co ...
+                             ~~~~~~~~~~~~~~~~~~~~~~~~~~~~~~~~~~~~~
    + CategoryInfo          : NotSpecified: ([@sentry/nextjs...entation-client:String) [], RemoteException
    + FullyQualifiedErrorId : NativeCommandError
 
 Γ£ô Compiled successfully in 29.8s
   Linting and checking validity of types ...

./app/admin/client-applications/admin-client-applications-client.tsx
24:29  Warning: 'CardDescription' is defined but never used.  @typescript-eslint/no-unused-vars
24:46  Warning: 'CardHeader' is defined but never used.  @typescript-eslint/no-unused-vars
24:58  Warning: 'CardTitle' is defined but never used.  @typescript-eslint/no-unused-vars
578:74  Warning: `'` can be escaped with `&apos;`, `&lsquo;`, `&#39;`, `&rsquo;`.  react/no-unescaped-entities

./app/admin/client-applications/page.tsx
9:6  Warning: 'ClientApplication' is defined but never used.  @typescript-eslint/no-unused-vars

./app/api/admin/test-connection/route.ts
3:10  Warning: 'createSupabaseServer' is defined but never used.  @typescript-eslint/no-unused-vars
6:27  Warning: 'request' is defined but never used.  @typescript-eslint/no-unused-vars

./app/client/gigs/page.tsx
21:1  Warning: `@/types/supabase` type import should occur after import of `@/lib/supabase/supabase-browser`  import/order

./app/gigs/[id]/page.tsx
24:13  Warning: 'user' is assigned a value but never used.  @typescript-eslint/no-unused-vars

./app/privacy/page.tsx
24:33  Warning: `"` can be escaped with `&quot;`, `&ldquo;`, `&#34;`, `&rdquo;`.  react/no-unescaped-entities
24:37  Warning: `"` can be escaped with `&quot;`, `&ldquo;`, `&#34;`, `&rdquo;`.  react/no-unescaped-entities
24:39  Warning: `"` can be escaped with `&quot;`, `&ldquo;`, `&#34;`, `&rdquo;`.  react/no-unescaped-entities
24:44  Warning: `"` can be escaped with `&quot;`, `&ldquo;`, `&#34;`, `&rdquo;`.  react/no-unescaped-entities
24:49  Warning: `"` can be escaped with `&quot;`, `&ldquo;`, `&#34;`, `&rdquo;`.  react/no-unescaped-entities
24:52  Warning: `"` can be escaped with `&quot;`, `&ldquo;`, `&#34;`, `&rdquo;`.  react/no-unescaped-entities
165:66  Warning: `'` can be escaped with `&apos;`, `&lsquo;`, `&#39;`, `&rsquo;`.  react/no-unescaped-entities
208:90  Warning: `"` can be escaped with `&quot;`, `&ldquo;`, `&#34;`, `&rdquo;`.  react/no-unescaped-entities
208:116  Warning: `"` can be escaped with `&quot;`, `&ldquo;`, `&#34;`, `&rdquo;`.  react/no-unescaped-entities
221:41  Warning: `"` can be escaped with `&quot;`, `&ldquo;`, `&#34;`, `&rdquo;`.  react/no-unescaped-entities
221:63  Warning: `"` can be escaped with `&quot;`, `&ldquo;`, `&#34;`, `&rdquo;`.  react/no-unescaped-entities
237:247  Warning: `"` can be escaped with `&quot;`, `&ldquo;`, `&#34;`, `&rdquo;`.  react/no-unescaped-entities
237:260  Warning: `"` can be escaped with `&quot;`, `&ldquo;`, `&#34;`, `&rdquo;`.  react/no-unescaped-entities
262:39  Warning: `"` can be escaped with `&quot;`, `&ldquo;`, `&#34;`, `&rdquo;`.  react/no-unescaped-entities
262:52  Warning: `"` can be escaped with `&quot;`, `&ldquo;`, `&#34;`, `&rdquo;`.  react/no-unescaped-entities
282:114  Warning: `"` can be escaped with `&quot;`, `&ldquo;`, `&#34;`, `&rdquo;`.  react/no-unescaped-entities
282:140  Warning: `"` can be escaped with `&quot;`, `&ldquo;`, `&#34;`, `&rdquo;`.  react/no-unescaped-entities

./app/terms/page.tsx
24:41  Warning: `"` can be escaped with `&quot;`, `&ldquo;`, `&#34;`, `&rdquo;`.  react/no-unescaped-entities
24:45  Warning: `"` can be escaped with `&quot;`, `&ldquo;`, `&#34;`, `&rdquo;`.  react/no-unescaped-entities
24:47  Warning: `"` can be escaped with `&quot;`, `&ldquo;`, `&#34;`, `&rdquo;`.  react/no-unescaped-entities
24:52  Warning: `"` can be escaped with `&quot;`, `&ldquo;`, `&#34;`, `&rdquo;`.  react/no-unescaped-entities
24:57  Warning: `"` can be escaped with `&quot;`, `&ldquo;`, `&#34;`, `&rdquo;`.  react/no-unescaped-entities
24:60  Warning: `"` can be escaped with `&quot;`, `&ldquo;`, `&#34;`, `&rdquo;`.  react/no-unescaped-entities
24:88  Warning: `"` can be escaped with `&quot;`, `&ldquo;`, `&#34;`, `&rdquo;`.  react/no-unescaped-entities
24:94  Warning: `"` can be escaped with `&quot;`, `&ldquo;`, `&#34;`, `&rdquo;`.  react/no-unescaped-entities
24:214  Warning: `"` can be escaped with `&quot;`, `&ldquo;`, `&#34;`, `&rdquo;`.  react/no-unescaped-entities
24:223  Warning: `"` can be escaped with `&quot;`, `&ldquo;`, `&#34;`, `&rdquo;`.  react/no-unescaped-entities
198:45  Warning: `"` can be escaped with `&quot;`, `&ldquo;`, `&#34;`, `&rdquo;`.  react/no-unescaped-entities
198:51  Warning: `"` can be escaped with `&quot;`, `&ldquo;`, `&#34;`, `&rdquo;`.  react/no-unescaped-entities
198:57  Warning: `"` can be escaped with `&quot;`, `&ldquo;`, `&#34;`, `&rdquo;`.  react/no-unescaped-entities
198:70  Warning: `"` can be escaped with `&quot;`, `&ldquo;`, `&#34;`, `&rdquo;`.  react/no-unescaped-entities
278:186  Warning: `'` can be escaped with `&apos;`, `&lsquo;`, `&#39;`, `&rsquo;`.  react/no-unescaped-entities

./app/ui-showcase/page.tsx
125:62  Warning: `"` can be escaped with `&quot;`, `&ldquo;`, `&#34;`, `&rdquo;`.  react/no-unescaped-entities
125:73  Warning: `"` can be escaped with `&quot;`, `&ldquo;`, `&#34;`, `&rdquo;`.  react/no-unescaped-entities

./components/auth/sign-in-gate.tsx
3:1  Warning: `react` import should occur after import of `next/link`  import/order

./lib/actions/client-actions.ts
3:1  Warning: `@/lib/supabase/supabase-server` import should occur after import of `@/lib/services/email-templates`  import/order

./lib/hooks/use-supabase.ts
5:1  Warning: `@supabase/supabase-js` type import should occur before import of `react`  import/order

./lib/supabase/supabase-server.ts
5:1  Warning: `@sentry/nextjs` import should occur before import of `@supabase/ssr`  import/order

info  - Need to disable some ESLint rules? Learn more here: https://nextjs.org/docs/app/api-reference/config/eslint#disabling-rules
Failed to compile.

./app/dashboard/talent-data.tsx:9:3
Type error: Type '"id" | "bio" | "experience_years" | "portfolio_url" | "skills"' does not satisfy the constraint 
'"created_at" | "id" | "updated_at" | "first_name" | "last_name" | "phone" | "user_id" | "location" | "age" | 
"experience" | "experience_years" | "eye_color" | "hair_color" | ... 6 more ... | "weight"'.
  Type '"bio"' is not assignable to type '"created_at" | "id" | "updated_at" | "first_name" | "last_name" | "phone" | 
"user_id" | "location" | "age" | "experience" | "experience_years" | "eye_color" | "hair_color" | ... 6 more ... | 
"weight"'.

[0m [90m  7 |[39m type [33mTalentProfile[39m [33m=[39m [33mPick[39m[33m<[39m
 [90m  8 |[39m   
[33mDatabase[39m[[32m"public"[39m][[32m"Tables"[39m][[32m"talent_profiles"[39m][[32m"Row"[39m][33m,[39m
[31m[1m>[22m[39m[90m  9 |[39m   [32m"id"[39m [33m|[39m [32m"bio"[39m [33m|[39m [32m"skills"[39m 
[33m|[39m [32m"experience_years"[39m [33m|[39m [32m"portfolio_url"[39m
 [90m    |[39m   [31m[1m^[22m[39m
 [90m 10 |[39m [33m>[39m[33m;[39m
 [90m 11 |[39m
 [90m 12 |[39m type [33mApplicationRow[39m [33m=[39m 
[33mDatabase[39m[[32m"public"[39m][[32m"Tables"[39m][[32m"applications"[39m][[32m"Row"[39m][33m;[39m[0m
Next.js build worker exited with code: 1 and signal: null
